[www.tql.com/index.html]
[backblue.gif]
[fade.gif]
[index.html]
[www.tql.com/TQL/media/tql/icons/apple-touch-icon-2.png]
[www.tql.com/TQL/media/tql/icons/favicon-32x32.png]
[www.tql.com/TQL/media/tql/icons/favicon-16x16.png]
[www.tql.com/TQL/media/tql/icons/favicon.ico]
[www.tql.com/CMSPages/bootstrap74d7.css]
[www.tql.com/CMSPages/mainfb2e.css]
[use.typekit.net/ctl1gqk.css]
[ajax.googleapis.com/ajax/libs/jquery/3.3.1/jquery.min.js]
[cdnjs.cloudflare.com/ajax/libs/popper.js/1.14.3/umd/popper.min.js]
[stackpath.bootstrapcdn.com/bootstrap/4.2.1/js/bootstrap.min.js]
[www.tql.com/CMSPages/jquery.maine2b4.js]
[www.tql.com/CMSPages/gtm-eventsdffd.js]
[www.tql.com/App_Themes/TQL/tql.ico]
[www.tql.com/CMSPages/SearchBoxb32c.css]
[www.tql.com/CMSPages/SearchBox_TQLSearchLayout76c0.css]
[www.tql.com/WebResourcefa05.js]
[www.tql.com/ScriptResourceb108.js]
[www.tql.com/ScriptResourceaf60.js]
[www.tql.com/logistics-services.html]
[www.tql.com/full-truckload.html]
[www.tql.com/less-than-truckload.html]
[www.tql.com/intermodal.html]
[www.tql.com/logistics-services/industries/food_beverage.html]
[www.tql.com/logistics-services/industries/chemical-plastics.html]
[www.tql.com/logistics-services/industries/consumer-goods.html]
[www.tql.com/logistics-services/industries/energy-infrastructure.html]
[www.tql.com/logistics-services/industries/government-nonprofit.html]
[www.tql.com/logistics-services/industries/paper-packaging.html]
[www.tql.com/logistics-services/industries/pharmaceutical-healthcare.html]
[www.tql.com/logistics-services/industries/retail.html]
[www.tql.com/logistics-services/industries/technology.html]
[www.tql.com/logistics-services/industries/transport.html]
[www.tql.com/tql-trax.html]
[www.tql.com/data-integration.html]
[www.tql.com/carriers.html]
[www.tql.com/carrier-dashboard.html]
[www.tql.com/carrier-faqs.html]
[www.tql.com/jobs.html]
[www.tql.com/jobs-benefits.html]
[www.tql.com/contact/locations.html]
[www.tql.com/about-us.html]
[www.tql.com/cares.html]
[www.tql.com/tql-in-the-news.html]
[www.tql.com/press-releases.html]
[www.tql.com/lifeattql-blog.html]
[www.tql.com/drive-blog.html]
[www.tql.com/contact.html]
[www.tql.com/getmedia/4301aa61-7b1b-4b0c-b0d3-059fab1c85f6/Home_mobileHero7a37.jpg]
[www.tql.com/getmedia/26a8eacd-c813-4d79-a055-57e1f13bb2d7/ShipWithUs-Homee1ad.jpeg]
[www.tql.com/getmedia/bfc70e2e-ecee-4d2e-8e82-3da61a86c60c/HaulWithUs-Homee1ad.jpeg]
[www.tql.com/getmedia/fdf72e82-4682-477d-9a98-83009eb4b1ed/WorkWithUS-Homee1ad.jpeg]
[www.tql.com/about-us/lifeattql-blog/february-2020/tql-named-2020-fortune-100-best-companies-to-work.html]
[www.tql.com/getmedia/f95d2916-8026-4c5b-95a1-e9184a681d7a/Fortune_2020f668.png]
[www.tql.com/about-us/lifeattql-blog/may-2020/tql-named-to-inc-magazine’s-best-workplaces-list.html]
[www.tql.com/getmedia/c2e71649-580d-4567-b8bd-4dada8305142/Inc-Best-Workplaces-2020-Standard-Logo_Home-Pagef668.png]
[www.tql.com/hq-expansion.html]
[www.tql.com/getmedia/ab308d0b-0156-4d45-9bb8-0587c4ac7751/Expansion_HomepageGraphicf668.png]
[www.tql.com/privacy.html]
[www.tql.com/terms.html]
[www.tql.com/eeo.html]
[www.tql.com/responsiblecarepolicy.html]
[www.tql.com/sitemap.html]
[www.tql.com/ftl-quote.html]
[www.tql.com/getmedia/afd3c4f1-2282-4b63-a2c3-c6741ce72623/FTLae81.png]
[www.tql.com/getmedia/e892f8a9-a437-4687-a5e3-0e55f9f5687c/FTL_Blueae81.png]
[www.tql.com/getmedia/8ddde915-e883-42f2-9e41-140645bff17f/LTLae81.png]
[www.tql.com/getmedia/5cb356f4-5878-4ee4-8a55-db04e3573c14/LTL_blueae81.png]
[www.tql.com/intermodal-quote.html]
[www.tql.com/getmedia/ac621f33-15fc-4aeb-8f6c-bb630e43a066/IDMLae81.png]
[www.tql.com/getmedia/2e5bc759-6770-4741-9702-4f056d267eb7/IDML_blueae81.png]
[www.tql.com/getmedia/243e6b64-1b1a-4d61-b592-6e540685b381/SigninWhiteae81.png]
[www.tql.com/getmedia/b5e35d20-190f-447c-9b1a-7a316cc3b0e1/SignInae81.png]
[www.tql.com/WebResourcec652.html]
[www.tql.com/index.html]
[www.googletagmanager.com/gtm5445.html]
[www.tql.com/TQL/media/tql/icons/safari-pinned-tab.svg]
[www.tql.com/CMSPages/bootstrap74d7.css]
[www.tql.com/CMSPages/mainfb2e.css]
[use.typekit.net/af/309dfe/000000000000000000010091/27/l652f]
[use.typekit.net/af/309dfe/000000000000000000010091/27/d652f]
[use.typekit.net/af/309dfe/000000000000000000010091/27/a652f]
[use.typekit.net/af/eb729a/000000000000000000010092/27/le265]
[use.typekit.net/af/eb729a/000000000000000000010092/27/de265]
[use.typekit.net/af/eb729a/000000000000000000010092/27/ae265]
[use.typekit.net/af/9b05f3/000000000000000000013365/27/le196]
[use.typekit.net/af/9b05f3/000000000000000000013365/27/de196]
[use.typekit.net/af/9b05f3/000000000000000000013365/27/ae196]
[use.typekit.net/af/cf3e4e/000000000000000000010095/27/lfdcc]
[use.typekit.net/af/cf3e4e/000000000000000000010095/27/dfdcc]
[use.typekit.net/af/cf3e4e/000000000000000000010095/27/afdcc]
[use.typekit.net/af/6f8764/000000000000000000012039/27/le196]
[use.typekit.net/af/6f8764/000000000000000000012039/27/de196]
[use.typekit.net/af/6f8764/000000000000000000012039/27/ae196]
[use.typekit.net/af/082b7c/00000000000000000001203a/27/lfdcc]
[use.typekit.net/af/082b7c/00000000000000000001203a/27/dfdcc]
[use.typekit.net/af/082b7c/00000000000000000001203a/27/afdcc]
[use.typekit.net/af/64e0cf/00000000000000000001203d/27/l652f]
[use.typekit.net/af/64e0cf/00000000000000000001203d/27/d652f]
[use.typekit.net/af/64e0cf/00000000000000000001203d/27/a652f]
[use.typekit.net/af/e6a9c1/00000000000000000001203e/27/le265]
[use.typekit.net/af/e6a9c1/00000000000000000001203e/27/de265]
[use.typekit.net/af/e6a9c1/00000000000000000001203e/27/ae265]
[use.typekit.net/af/053fc9/00000000000000003b9af1e4/27/l652f]
[use.typekit.net/af/053fc9/00000000000000003b9af1e4/27/d652f]
[use.typekit.net/af/053fc9/00000000000000003b9af1e4/27/a652f]
[use.typekit.net/af/72575c/00000000000000003b9af1e5/27/le265]
[use.typekit.net/af/72575c/00000000000000003b9af1e5/27/de265]
[use.typekit.net/ctl1gqk.css]
[www.tql.com/CMSPages/jquery.maine2b4.js]
[www.tql.com/CMSPages/gtm-eventsdffd.js]
[www.tql.com/CMSPages/SearchBoxb32c.css]
[www.tql.com/CMSPages/SearchBox_TQLSearchLayout76c0.css]
[use.typekit.net/af/72575c/00000000000000003b9af1e5/27/ae265]
[www.tql.com/WebResourcefa05.js]
[www.tql.com/ScriptResourceb108.js]
[www.tql.com/ScriptResourceaf60.js]
[www.tql.com/App_Themes/TQL/images/TQLLogoCropped.svg]
[www.tql.com/getmedia/630b4eae-b260-4c7a-b886-c2a0ce28494a/LogisticsServices_mobileHero7a37.jpg]
[www.tql.com/getmedia/084d146a-f559-4e3c-991e-5129c432b269/LogisticsServices_Hero1abb.jpeg]
[www.tql.com/App_Themes/TQL/images/gradient01.png]
[www.tql.com/getattachment/44a6581e-c566-4399-93bb-6976018ade8a/Semi.png]
[www.tql.com/getattachment/a76f89a4-7396-4fb9-82f7-6fd303642f07/Boxes.png]
[www.tql.com/getattachment/7b6ed5c9-5b3e-45aa-92bf-ee168a1f31d2/Rail.png]
[www.tql.com/App_Themes/TQL/images/bg-01.jpg]
[www.tql.com/getmedia/6da0853f-cc66-452d-b5e2-4828802cb40d/ExpeditedShipping-resized37cc.png]
[www.tql.com/getmedia/838236ae-492d-4764-8af9-7ffa6a10ec08/1PointofContact-resized37cc.png]
[www.tql.com/getmedia/448fbb9d-817e-458e-a474-3e92345d922b/designed-img.png]
[www.tql.com/App_Themes/TQL/images/bg-02.png]
[www.tql.com/logistics-services.html]
[www.tql.com/getmedia/b6645f7e-4798-4829-9841-e9e8289fa5ef/FTL_mobileHero7a37.jpg]
[www.tql.com/getmedia/998b637b-b9da-4ea7-a3bc-6164cad157a9/FTL_Hero1abb.jpeg]
[www.tql.com/getmedia/256a0cb4-0ecf-41f6-9ad3-16b367da3410/Rating-inPlaceOfSidebarContentabaf.png]
[www.tql.com/tqldrive-blog/logistics-service-model.html]
[www.tql.com/getmedia/07f65d64-40e5-45e5-b5b0-81961ba49942/img251f36.jpg]
[www.tql.com/getmedia/f3a0ab4d-bf53-4651-98cf-db486d0ed1ff/AutoIcon0612.png]
[www.tql.com/getmedia/4f609283-576f-4714-a17d-3f998225331a/ChemicalsIcon0612.png]
[www.tql.com/getmedia/0e7ec244-954f-4461-a00a-e8cc0696f047/ConsumerGoodsIcon0612.png]
[www.tql.com/getmedia/936d8dc4-6d35-43c6-b2a0-b17d7d39eb9f/EnergyIcon0612.png]
[www.tql.com/getmedia/2e33923c-f0c3-4edf-86e5-cd4387c74b0b/FoodIcon0612.png]
[www.tql.com/getmedia/f1d8c7cb-4b3d-44a1-a4cd-aac2cf999da3/GovIcon0612.png]
[www.tql.com/getmedia/18eafe3a-9b19-4255-88a7-cf758d462399/PaperIconbbec.png]
[www.tql.com/getmedia/ab027013-c3f4-4f1f-90bf-2339b51ff3a1/PharmacyIcon0612.png]
[www.tql.com/getmedia/d7b10fc5-6e75-477a-b9ac-5046c5e6bdd5/RetailIcon0612.png]
[www.tql.com/getmedia/7dd373af-de09-4d89-87aa-eda52395c886/TechIcon0612.png]
[player.vimeo.com/api/player.js]
[www.tql.com/getmedia/b7cd14b2-5afe-4192-9114-8dde5b3c1feb/CarrierProcess.jpg]
[www.tql.com/about-us/press-releases/total-quality-logistics-named-to-inbound-logistics.html]
[www.tql.com/getmedia/4d8f237b-cc0d-47ed-81a1-d141695cfd74/InboundLogistics-2019.jpeg]
[www.tql.com/getmedia/c7ef3442-b66e-4c01-aa34-bddf38e0b972/TAPA_logo.png]
[www.tql.com/about-us/press-releases/american-chemistry-council-recognizes-tql-as-respo.html]
[www.tql.com/getmedia/d23e475d-a399-4135-995d-f72bd2e99e00/Resp_Care.png]
[www.tql.com/about-us/press-releases/tql-wins-best-in-cargo-security-award-from-cargone.html]
[www.tql.com/getmedia/e4d52d6c-71b7-4135-b198-349a4301d0fd/CargoNet.jpg]
[www.tql.com/getmedia/ccdc6678-0e43-44b2-89a2-d3f8ca0ba484/LaborDay_Thumbnaila19f.jpg]
[www.tql.com/about-us/tqldrive-blog/september-2020/cargo-thieves-add-covid-supplies-to-labor-day-targ.html]
[www.tql.com/getmedia/95ff3212-e750-4655-bdbc-d7e878c7b0d8/CargoSecurity2019_200pxa19f.jpg]
[www.tql.com/about-us/tqldrive-blog/july-2020/tql-recognized-for-cargo-security-best-practices.html]
[www.tql.com/getmedia/1f5f71e0-6001-4ae5-8960-839e7a8d63da/624_OperationSafeDriver_BlogThumbnail_WEBa19f.jpg]
[www.tql.com/operation-safe-driver-week-july-12-18-2020.html]
[www.tql.com/getmedia/7397e471-fc27-4d3a-a9c8-d0bb385bf002/FTL-Testimonial-1534e.jpeg]
[www.tql.com/getmedia/3c9064c1-b36c-40db-9289-ed77ed9041ae/FTL-Testimonial-2534e.jpeg]
[www.tql.com/getmedia/a7658a63-ff68-4d59-8a25-273de39ac928/FTL-Testimonial-3534e.jpeg]
[www.tql.com/full-truckload.html]
[www.tql.com/getmedia/7537bf60-1c29-47ff-a27c-5cd9eff2836f/MobileHeroLTLdbe9.png]
[www.tql.com/getmedia/d3773279-9931-4888-a7a0-cabacbb368fc/LTL-header-desktopa15f.png]
[www.tql.com/getmedia/8141508c-e7b5-4df0-b92c-9179406e5cc9/LTLExpertise_Iconae81.png]
[www.tql.com/getmedia/0054b46a-64a3-48fb-a681-26e937e566da/LTLHighVolume_Iconae81.png]
[www.tql.com/getmedia/894539aa-a31e-439b-91c5-943ec2f831c7/LTLDedicatedRep_Iconae81.png]
[www.tql.com/getmedia/f44f1935-22f3-41c6-8933-5ad5ef88f174/LTLProactiveComm_Iconae81.png]
[www.tql.com/getmedia/0ffd88c9-7694-4cd3-ad0b-87c2b9b91b7a/LTLAudits_Iconae81.png]
[www.tql.com/getmedia/661becb3-9411-4c30-8f8b-cdbe6baacd54/LTLReceiver_Iconae81.png]
[www.tql.com/getmedia/f8cf322d-3884-45ad-a0e6-e770626955cb/LTL-5KeyBenefits_bkgrdc612.jpeg]
[www.tql.com/getmedia/a956185e-011c-4fbc-9d02-f902170611f8/MoreOptions-FTL5593.png]
[www.tql.com/getmedia/9d3789c5-7cf8-4274-b55b-5f9ca27dd25c/SaveMoney-FTL5593.png]
[www.tql.com/getmedia/fdebdd22-3730-4937-a61f-bbf9830e37d9/Emissions-FTL5593.png]
[www.tql.com/getmedia/0c8ec951-4d3b-4fb9-9ded-7fbfea91e408/MoreServiceOptions-FTL5593.png]
[www.tql.com/getmedia/ff497140-d05f-4fed-8b48-4ef6055f3353/GainVisibility-FTL5593.png]
[www.tql.com/getmedia/620d7c02-b156-4d84-989e-a2a4b1618541/Holland_color_outline.png]
[www.tql.com/getmedia/f1b9c279-8450-496f-b967-5d52ef73254d/Dependable-Supply-Chain-Services-Logo0996.png]
[www.tql.com/getmedia/891a972c-9ad0-436b-8faa-ac371d31c976/Southeastern-Freight-Lines4ee9.jpeg]
[www.tql.com/getmedia/5bb60165-46d4-4ad1-a56a-1f7116290250/Saia0a85.png]
[www.tql.com/getmedia/20ceab60-e86f-485a-b557-040f7257a68d/UPS15fa.png]
[www.tql.com/getmedia/bc498ed5-15dd-42ed-ba56-0036d6899e45/Ward7ff5.jpeg]
[www.tql.com/getmedia/b4e5a5db-de82-4b44-999f-9f4aa25b5d4f/SamanthaF-Testimonial534e.jpeg]
[www.tql.com/getmedia/98ec74a2-b73c-431d-af2a-745f7aff128d/AndrewK534e.jpeg]
[www.tql.com/getmedia/84253ba6-5144-4e6b-8636-10a4da22bbd0/DockWorker-Testimonial0300.jpeg]
[www.tql.com/less-than-truckload.html]
[www.tql.com/ScriptResourced46d.js]
[www.google.com/recaptcha/api08a0.js]
[www.tql.com/getmedia/b4a86b62-352b-457e-b6a7-ee359cb59628/IntermodalHero_mobile7a37.jpg]
[www.tql.com/getmedia/b1a15843-a77e-4c7d-99a6-751a47995671/Intermodal_Hero1abb.jpg]
[www.tql.com/getmedia/8afb0ead-b739-4651-8372-7d1ffbe7c20c/IDML_AddedCapacity_Icon1c7f.png]
[www.tql.com/getmedia/383e04b9-644b-4565-a0db-da586e757627/IDML_Cost_Icon1c7f.png]
[www.tql.com/getmedia/7a3808f8-4c97-4be2-9831-69ec07b2987f/IDML_SafeCargo_Icon1c7f.png]
[www.tql.com/getmedia/6619e71b-58f2-469f-a8f2-e20d576e5c1c/IDML_TrackingTech_Icon1c7f.png]
[www.tql.com/getmedia/c5103c5d-f7e7-49fa-89b1-7f32e2b1d39c/IDML_DoortoDoor_Icon1c7f.png]
[www.tql.com/getmedia/9e94c46e-f34d-48a9-ab00-1305b140099e/IDML_1pt_Icon1c7f.png]
[www.tql.com/getmedia/36f03030-7150-47f9-ac24-4f03d47e0b7b/ly8rhogzggbi18dm08xq76b3.jpg]
[www.tql.com/getmedia/f03c0796-7cca-407c-95a6-a7b34bdceb7f/IntermodalProcessBG9e78.jpg]
[www.tql.com/getmedia/4f28ee86-cb4a-43d0-944b-863aa60caf1a/ShipperChartce8c.png]
[www.tql.com/getmedia/131bf438-7361-4750-944d-60cb3e88ad9b/TransitTimes.jpg]
[www.tql.com/getmedia/5afb7725-49a9-4f10-907f-7f47539bf38d/IANAMemberLogo_white.png]
[www.tql.com/getmedia/b92163f6-78b3-4ab7-956d-ad1b1038429b/AlyssaK34aa.jpg]
[www.tql.com/getmedia/6d85fa8d-af17-45c7-8716-6a1a65bc4c21/Intermodal-Testimonial334aa.jpg]
[www.tql.com/getmedia/fb969c55-0c45-4cd7-b31c-35b40814249d/Web_3371f.jpg]
[www.tql.com/intermodal.html]
[www.tql.com/getmedia/51c224cb-1b87-465e-8430-4da5623cded3/FoodBev_mobileHero7a37.jpg]
[www.tql.com/getmedia/3d35cb86-a366-4576-8cac-40a90f1d58d7/FoodBev_Hero1abb.jpg]
[www.tql.com/getmedia/a2350ee8-a6de-46bd-87fc-371a16705ff1/FoodBevLogo-Top3PL_cropped3952.png]
[www.tql.com/getmedia/f2a338cb-e527-4ef5-af5c-dbd44d6dd369/FoodBev_Temp_Icon1c7f.png]
[www.tql.com/getmedia/27674b2c-4d37-4963-8b55-7f433f200c2e/FoodBev_Shelf_Icon1c7f.png]
[www.tql.com/getmedia/d4c53064-82f9-4822-a95d-5f05e54ca554/FoodBev_Transit_Icon1c7f.png]
[www.tql.com/getmedia/76fa0dad-e31f-467c-8fd2-42ed5a4bc7fc/FoodBev_Peak_Icon1c7f.png]
[www.tql.com/getmedia/c620547c-ae8c-4fc4-9965-a24b19254c1e/FoodBev_Quality_Icon1c7f.png]
[www.tql.com/App_Themes/TQL/images/bg-design01.png]
[www.tql.com/getmedia/1da01438-513a-4c66-bf97-be4c1d8d5723/FoodBev-Testimonial-MichelleR534e.jpg]
[www.tql.com/getmedia/6e26c65a-df5c-42c1-934b-abca1f766cec/FoodBev-Testimonial-Melania534e.jpg]
[www.tql.com/logistics-services/industries/food_beverage.html]
[www.tql.com/getmedia/80d4b8f0-6ce8-4233-9c32-fb6134cca44b/MobileHeroChemPlastics7a37.jpg]
[www.tql.com/getmedia/10058986-52ce-4fa6-b4c7-66be7a5df2d3/ChemPlastics_Hero5934.jpg]
[www.tql.com/getmedia/15148731-f66b-4f55-b49d-d0fb7fbdc5f6/Resp_Care_1ef5d.png]
[www.tql.com/getmedia/0bb7e891-2516-4868-ac84-a986ff64d257/ChemPlastics-PetrolProducts4376.png]
[www.tql.com/getmedia/227df642-80e3-4c18-b863-e762548aad1d/ChemPlastics-Films4376.png]
[www.tql.com/getmedia/342c1939-d3ed-44c1-bd31-aeb27ac36360/ChemPlastics-RawMats4376.png]
[www.tql.com/getmedia/6729b41b-71e6-48ec-8658-8f1d90a34f64/ChemPlastics-ManMade4376.png]
[www.tql.com/getmedia/6ff84bb8-c096-426e-b16a-edc2e23e5cb6/ChemPlastics-Acids4376.png]
[www.tql.com/getmedia/2eaab839-aa13-4138-8616-a3ee7d70ee30/ChemPlastics-Food4376.png]
[www.tql.com/getmedia/4e65c3ad-9d01-4fa8-aba2-1a53442e9ec3/ChemPlastics-Coatings4376.png]
[www.tql.com/getmedia/70648674-e638-40c4-89df-df988718b432/ChemPlastics-Agriscience4376.png]
[www.tql.com/getmedia/b6d22506-53a2-4d17-9906-f53c7671e3aa/Web_1371f.jpg]
[www.tql.com/getmedia/47b55034-07a1-45d7-9246-97c02519b286/Web_1371f.jpg]
[www.tql.com/getmedia/b28d49fc-c861-4a38-a1e6-613d6852bfd9/Web_5e486.png]
[www.tql.com/logistics-services/industries/chemical-plastics.html]
[www.tql.com/logistics-services/industries/consumer-goods.html]
[www.tql.com/logistics-services/industries/energy-infrastructure.html]
[www.tql.com/logistics-services/industries/government-nonprofit.html]
[www.tql.com/getmedia/f8d03e28-5a0c-4465-9e49-b0566eb87415/MobilePaperPackage7a37.jpg]
[www.tql.com/getmedia/393d9c84-dede-44df-8357-5afe6ae0adb7/PaperPackage_Hero1abb.jpg]
[www.tql.com/logistics-services/industries/paper-packaging.html]
[www.tql.com/getmedia/0d6b5662-5b88-47ac-a771-79eed64d49b2/MobileHealthcare7a37.jpg]
[www.tql.com/getmedia/61470037-df60-41ce-808c-908fb10f95d9/HealthCare_Hero1abb.jpg]
[www.tql.com/logistics-services/industries/pharmaceutical-healthcare.html]
[www.tql.com/logistics-services/industries/retail.html]
[www.tql.com/logistics-services/industries/technology.html]
[www.tql.com/logistics-services/industries/transport.html]
[www.tql.com/getmedia/d1d56d77-f97a-4c9c-b01e-9779bf79ca16/TRAX_mobileHero7a37.jpg]
[www.tql.com/getmedia/afc0a26f-d9e6-4a89-8eab-7e68a8557e4c/TRAX_Hero1abb.jpg]
[www.tql.com/getmedia/b615b6a0-86fa-4845-9c60-fe7a4276a596/TRAXCollage1de9.png]
[www.tql.com/App_Themes/TQL/images/bg-03.jpg]
[www.tql.com/getmedia/c5aca6b7-b745-403a-bddd-2dbd2d32134a/google-play-badge_13f35.png]
[www.tql.com/getmedia/dbd2b786-20eb-4aef-b2b6-4e2e8bc4fb45/Download_Appstore4d9c.png]
[www.tql.com/getmedia/de128490-45ab-4ca4-811a-b4a2597d8673/BenefitsBG2327.jpg]
[www.tql.com/getmedia/e3f81042-472f-4377-9630-07798a7133bc/TRAX-Phoneb1eb.png]
[www.tql.com/trax-features.html]
[www.tql.com/getmedia/e163fe58-1f7e-4a91-ba18-a281c55211c1/TRAX-Testimonial-2534e.jpg]
[www.tql.com/getmedia/e829d303-6096-453b-aed5-6ba6e85437c6/TRAX-Testimonial-1534e.jpg]
[www.tql.com/getmedia/26562c8d-2aa8-45cf-a783-1ac9f6e70533/TRAX-Testimonial-3534e.jpg]
[www.tql.com/tql-trax.html]
[www.tql.com/getmedia/ae29398b-4363-486c-b36d-f804c5059219/MobileHeroData7a37.jpg]
[www.tql.com/getmedia/257e0c8c-e7d0-4951-87f3-503729f6c133/DataIntegration-Heroa15f.png]
[www.tql.com/getmedia/76091a7f-11eb-4ff6-b313-54de766ce042/DateRightImagec22f.png]
[www.tql.com/getmedia/b519adec-f671-4920-91f9-e2f458d905ff/FreightTracking-BG9090.jpg]
[www.tql.com/getmedia/8c606b1b-a5cc-4be5-b8f1-e6f2789c2266/Tracking_1ae81.png]
[www.tql.com/getmedia/7f0149ea-302b-44a9-8766-5d8fa84b5780/ConvertIconae81.png]
[www.tql.com/getmedia/90086db0-dcb4-4161-b723-b5058f9cc248/StatusUpdatesae81.png]
[www.tql.com/getmedia/15e26620-770c-4406-9e6e-fc6427a24a9d/DriverUpdatesae81.png]
[www.tql.com/getmedia/f79f1503-04b5-428b-8aed-aafd0bcddd74/CustomIcon_1d450.png]
[www.tql.com/getmedia/f2c4213c-7884-4a4b-bcc3-908f18a74679/EDIintegratedd450.png]
[www.tql.com/getmedia/74a7f8f2-088c-4bd2-af8e-989a748897a9/TopThirdIcond450.png]
[www.tql.com/data-integration.html]
[www.tql.com/getmedia/38cf2a78-9a6b-479c-a89d-0965a4cbc8cf/Carriers_mobileHero7a37.jpg]
[www.tql.com/getmedia/b3bc4fc7-97b2-44dc-b286-bee5e7e2f86c/Carriers_Hero1abb.jpg]
[www.tql.com/carrier-notice-covid-19.html]
[www.tql.com/getmedia/d143ed4b-9ad0-4e4e-8392-f97b8b0e31fb/Carriers_Access_Icon1c7f.png]
[www.tql.com/getmedia/04b2c268-ec27-4f3f-96c4-4f270669a2d5/Carriers_Cost_Icon1c7f.png]
[www.tql.com/getmedia/d804615b-0557-4063-a661-ba9c6293c982/Carriers_Boat_Icon1c7f.png]
[www.tql.com/getmedia/8d48e150-7cb6-40eb-bc53-904d3851d281/Carriers_Bluebook1c7f.png]
[www.tql.com/getmedia/fa6acf44-1361-492b-b4fc-258d4c7ad388/Carriers_1pt_Icon1c7f.png]
[www.tql.com/getmedia/e8a4e533-b003-44bd-bc0b-ff393e42908a/Carriers_24hr_Icon1c7f.png]
[www.tql.com/getmedia/8c247c07-fb74-4082-8170-49ed95db17d9/Carriers_Moon_Icon1c7f.png]
[www.tql.com/getmedia/7ca3af7f-25b1-44ce-8e75-901b68e08156/Carriers_Star_Icon1c7f.png]
[www.tql.com/getmedia/037719e9-8f1d-4150-a798-e8ca12d8c81b/Carriers-Testimonial-1534e.jpg]
[www.tql.com/getmedia/06cea71c-ef14-4098-9ebb-f798525c9584/Carriers-Testimonial-2534e.jpg]
[www.tql.com/getmedia/8d7b9a91-53e4-4833-b3a6-ebcd7b7d1939/Carriers-Testimonial-3534e.jpg]
[www.tql.com/carriers.html]
[www.tql.com/getmedia/5195952c-bb9a-4367-b352-273db0080a97/C-Dash_mobileHero7a37.jpg]
[www.tql.com/getmedia/d6d5761d-b0ca-4f2f-8981-22f98a103117/C-Dash_Hero1abb.jpg]
[www.tql.com/getmedia/6b3526f1-ea01-4304-ad9a-49d4fa90c07d/CDash-AppStoreRating_Feb20e510.png]
[www.tql.com/getmedia/09f33307-9116-4ba6-85d2-f7b4833fab78/BenefitsBG157c.jpg]
[www.tql.com/getmedia/692c8ec1-5d26-4162-b1a9-d06132966b21/Phone-CDashScreenshotb1eb.png]
[www.tql.com/getmedia/c23efe2f-627a-48ea-b17f-b8768ccd825d/CDash_Auto_Icon4376.png]
[www.tql.com/getmedia/df316195-101b-463e-b80c-a526bbbf83c0/CDash_Battery_Icon4376.png]
[www.tql.com/getmedia/741bc396-fc66-4427-a1d5-ddf0442f47ae/CDash_Track_Icon4376.png]
[www.tql.com/getmedia/e51f04cc-ab4c-411b-a0b8-ca7de34d2f05/CDash_EasySetup_Icon4376.png]
[www.tql.com/getmedia/2f4376dc-3b78-4bec-a270-c1b6a9853725/CarrierDashboard-Testimonial-1534e.jpg]
[www.tql.com/getmedia/012c2d90-fcd1-4115-b78e-87c5f91913fd/CarrierDashboard-Testimonial-2534e.jpg]
[www.tql.com/getmedia/384a1f03-8df2-4568-adad-d27a1a2f7170/CarrierDashboard-Testimonial-3534e.jpg]
[www.tql.com/carrier-dashboard.html]
[www.tql.com/carrier-faqs.html]
[www.tql.com/getmedia/79486139-f191-44d3-ba1a-28a8e32b36fc/FortunemobileHero7a37.jpg]
[www.tql.com/getmedia/1ac14407-b2e8-4dec-8fa8-edad5568268a/JobsHeader_41abb.jpg]
[www.tql.com/getmedia/7e4a12dd-a37b-4469-8368-7aaf5dcacc6e/Fortune100Best-2020-3_1f668.png]
[www.tql.com/getmedia/58f372c1-d57f-4b0c-8035-9bbf3583a658/HomePgHiringIT-WEB_105f9.jpg]
[www.tql.com/about-us/lifeattql-blog/june-2019/bptw-it.html]
[www.tql.com/getmedia/73a82805-eab8-4275-bc33-b404774f6531/CW_100_Best_Places_to_Work_in_IT_2020_from_IDG_Insider_Pro_Computerworld_1f668.png]
[www.tql.com/getmedia/88f180c7-3cf7-4f24-b22b-b87ba158f6ac/SalesAccord_33722.jpg]
[www.tql.com/getmedia/21d4ebdd-f6b4-4a7f-8cf1-472d5eb9acd3/Jobs_Commission_13d6e.png]
[www.tql.com/getmedia/5bac0d14-24c7-4b43-912a-38cddad4fe98/Jobs_CareerPath_13d6e.png]
[www.tql.com/getmedia/c7f2fa30-5831-4826-82f0-3d4b59d0ae94/Jobs_PaidTraining_13d6e.png]
[www.tql.com/getmedia/db98b5b1-eb17-4d3b-a4fe-0f625a1a39eb/Jobs_Managers_13d6e.png]
[www.tql.com/getmedia/afb905f4-69aa-495d-a54a-0f3654b079ae/ITAccord3722.jpg]
[www.tql.com/getmedia/c2c4edb2-f9da-4ab7-9c03-a5a9fece1713/JobsTech_Access3d6e.png]
[www.tql.com/getmedia/ef3bfdf5-e273-4201-9494-469e33ff55d7/JobsTech_Continuous3d6e.png]
[www.tql.com/getmedia/8337cc0c-3bef-4dd8-80e4-e3d4e47fe837/JobsTech_Flexible3d6e.png]
[www.tql.com/getmedia/d7d65c76-d083-4398-a057-2fe156aa732e/shutterstock_53574897117be.jpg]
[www.tql.com/getmedia/2f5e4fc1-65ca-4884-93eb-74448c6b445f/JobsCareers_Profess3d6e.png]
[www.tql.com/getmedia/bd5288b2-069d-4bdc-9712-05e52cf9baf4/Training_13d6e.png]
[www.tql.com/getmedia/724df991-1b4c-487e-ae7f-abf863f23673/JobsTransparency3d6e.png]
[www.tql.com/getmedia/f5389f3e-1f9a-4047-bd31-3ef7a9266218/shutterstock_19090.jpg]
[www.tql.com/getmedia/8f6a8162-f6c7-479d-b19a-2b46776b631d/UnlimitedCommissionIcon59f0.png]
[www.tql.com/getmedia/2c66fe85-3aee-4fba-87d8-6400e1dece34/ManagersIcon59f0.png]
[www.tql.com/getmedia/7a972840-7f4c-4299-948d-645480a6d5ef/EnvironmentIcon59f0.png]
[www.tql.com/getmedia/eb495258-464c-4788-a10b-97ee01aad099/JobsMilitaryLocation3d6e.png]
[www.tql.com/getmedia/66f6217a-743d-4aa2-8137-54f669dbefb6/DAV57dc.png]
[www.tql.com/getmedia/77a2459a-3861-4ae8-81fe-183e35a549db/UCFGame837e.jpg]
[www.tql.com/getmedia/95ae5eb1-d8b2-43f1-8b4f-58b3d2dbd9e8/Top20d688.jpg]
[www.tql.com/getmedia/9ff4c28a-9f8a-4195-987d-d5f4244044dd/SavannahGolffdbb.jpg]
[www.tql.com/jobs.html]
[www.tql.com/getmedia/01c226d0-8485-4055-8faa-d642b059d3aa/Benefits_mobileHero7a37.jpg]
[www.tql.com/getmedia/106d600b-a775-4891-a0b6-0dd423ecfb2c/Benefits_Hero1abb.jpg]
[www.tql.com/getmedia/219d50ee-3855-478c-ab82-cfeb8d90151e/Discounts2226.png]
[www.tql.com/getmedia/352b9c10-5394-4d57-94de-e8cbbe491f7c/Donations2226.png]
[www.tql.com/getmedia/7c4867dc-ee68-4367-affa-9a91b2890bfe/Tuition2226.png]
[www.tql.com/getmedia/5caf019e-6d87-4aea-8b31-115737d36c24/Benefits2226.png]
[www.tql.com/getmedia/cd080c7b-4eec-4eb4-99ba-d91ef6fd9184/PresClub2226.png]
[www.tql.com/getmedia/fdf405dd-4ab1-46d2-8a76-483849e81e91/Fitness2226.png]
[www.tql.com/getmedia/f19d707d-563a-486c-b1f3-4d547e967f9c/Family2226.png]
[www.tql.com/getmedia/03dcdd96-998d-4950-964b-b4a6b93cf4a7/Deployment2226.png]
[www.tql.com/getmedia/0c5045d7-e735-48aa-b237-3e7b31fe7e41/Volunteer2226.png]
[www.tql.com/getmedia/bf4d0200-e406-40fe-ae3b-125f7dd83cb9/KidsClub2226.png]
[www.tql.com/getmedia/038f9409-9b7b-4593-b4d4-07881559dc59/Celebrations2226.png]
[www.tql.com/getmedia/5c24bd6a-32a1-469a-8cc2-bdb19aaab7af/SponsoredEvents2226.png]
[www.tql.com/jobs-benefits.html]
[www.tql.com/contact/locations/alabama/birmingham.html]
[www.tql.com/contact/locations/alabama/mobile.html]
[www.tql.com/contact/locations/arizona/phoenix.html]
[www.tql.com/contact/locations/arkansas/fayetteville.html]
[www.tql.com/contact/locations/colorado/denver.html]
[www.tql.com/contact/locations/florida/daytona-beach.html]
[www.tql.com/contact/locations/florida/ft-lauderdale.html]
[www.tql.com/contact/locations/florida/jacksonville.html]
[www.tql.com/contact/locations/florida/orlando.html]
[www.tql.com/contact/locations/florida/tampa.html]
[www.tql.com/contact/locations/georgia/atlanta.html]
[www.tql.com/contact/locations/georgia/savannah.html]
[www.tql.com/contact/locations/illinois/chicago.html]
[www.tql.com/contact/locations/illinois/westchester.html]
[www.tql.com/contact/locations/indiana/evansville.html]
[www.tql.com/contact/locations/indiana/fort-wayne.html]
[www.tql.com/contact/locations/indiana/indianapolis.html]
[www.tql.com/contact/locations/indiana/south-bend.html]
[www.tql.com/contact/locations/kentucky/erlanger.html]
[www.tql.com/contact/locations/kentucky/louisville.html]
[www.tql.com/contact/locations/kentucky/lexington.html]
[www.tql.com/contact/locations/louisiana/new-orleans.html]
[www.tql.com/contact/locations/massachusetts/boston.html]
[www.tql.com/contact/locations/michigan/detroit.html]
[www.tql.com/contact/locations/michigan/grand-rapids.html]
[www.tql.com/contact/locations/minnesota/minneapolis.html]
[www.tql.com/contact/locations/missouri/kansas-city.html]
[www.tql.com/contact/locations/missouri/st-louis.html]
[www.tql.com/contact/locations/nevada/las-vegas.html]
[www.tql.com/contact/locations/north-carolina/charlotte.html]
[www.tql.com/contact/locations/north-carolina/greensboro.html]
[www.tql.com/contact/locations/north-carolina/raleigh.html]
[www.tql.com/contact/locations/ohio/akron,-oh.html]
[www.tql.com/contact/locations/ohio/batavia.html]
[www.tql.com/contact/locations/ohio/cincinnati.html]
[www.tql.com/contact/locations/ohio/cleveland.html]
[www.tql.com/contact/locations/ohio/columbus.html]
[www.tql.com/contact/locations/ohio/dayton,-oh.html]
[www.tql.com/contact/locations/ohio/milford.html]
[www.tql.com/contact/locations/ohio/toledo.html]
[www.tql.com/contact/locations/ohio/west-chester.html]
[www.tql.com/contact/locations/oregon/portland,-or.html]
[www.tql.com/contact/locations/pennsylvania/pittsburgh,-pa.html]
[www.tql.com/contact/locations/south-carolina/charleston,-sc.html]
[www.tql.com/contact/locations/south-carolina/columbia,-sc.html]
[www.tql.com/contact/locations/south-carolina/greenville,-sc.html]
[www.tql.com/contact/locations/tennessee/knoxville,-tn.html]
[www.tql.com/contact/locations/tennessee/memphis,-tn.html]
[www.tql.com/contact/locations/tennessee/nashville,-tn.html]
[www.tql.com/contact/locations/texas/austin,-tx.html]
[www.tql.com/contact/locations/texas/dallas,-tx.html]
[www.tql.com/contact/locations/texas/houston,-tx.html]
[www.tql.com/contact/locations/texas/san-antonio,-tx.html]
[www.tql.com/contact/locations/utah/salt-lake-city,-ut.html]
[www.tql.com/contact/locations/virginia/richmond,-va.html]
[www.tql.com/contact/locations/west-virginia/charleston-wv.html]
[www.tql.com/contact/locations/wisconsin/milwaukee,-wi.html]
[www.tql.com/CMSPages/googleMapsLocationHelperf9d5.js]
[www.tql.com/contact/locations.html]
[www.tql.com/getmedia/89ef2f37-6c1f-4b35-ba9c-6b4b28e6a313/AboutUs_mobileHero7a37.jpg]
[www.tql.com/getmedia/32af43e4-71b4-497b-9106-c7fb4bd8d03c/AboutUs_Hero1abb.jpg]
[www.tql.com/getmedia/e9679f2d-2e5a-4174-b89c-91d6662a7e8d/Growth2020.png]
[www.tql.com/App_Themes/TQL/images/img-05.jpg]
[www.tql.com/getmedia/b7b6efac-fea8-4a40-b8d0-7ea53b1a1914/FortuneAward05f9.jpg]
[www.tql.com/getmedia/c2e71649-580d-4567-b8bd-4dada8305142/Inc-Best-Workplaces-2020-Standard-Logo_Home-Pagef668-2.png]
[www.tql.com/getmedia/8fdd80eb-5305-4e73-9ee6-9eff43176aea/TransportTopicsAward05f9.jpg]
[www.tql.com/getmedia/bc9b18b2-863a-4a7f-8949-5978df62684c/SCBAward7104.jpg]
[www.tql.com/getmedia/7cbb8c2c-dbd6-419e-a310-a27b923afef4/3PL-Top-2019c404.png]
[www.tql.com/getmedia/1192ea44-5a0b-45eb-8ba4-8debbb844d34/MFE19_Gold_150x1507608.png]
[www.tql.com/getmedia/ff5ffd86-1315-4e19-8e18-94644ae8b48e/Winning-Principles-Finalc612.jpg]
[www.tql.com/about-us.html]
[www.tql.com/getmedia/bc770c25-2cf4-4610-9f0c-2094715a0fd2/TQLCares_mobileHero7a37.jpg]
[www.tql.com/getmedia/9eb6bee3-878e-4d42-93fa-8e3d5c56de7a/TQLCares_Hero1abb.jpg]
[www.tql.com/getmedia/d9d16f5f-1d87-4cd2-b49f-4758ede6781a/TQLCaresLogo.png]
[www.tql.com/movesthatmatter.html]
[www.tql.com/cancerawarenessmonth.html]
[www.tql.com/military-month.html]
[www.tql.com/getmedia/5ce5ab55-0c99-4126-8315-91462be94d81/img-01bb42.jpg]
[www.tql.com/getmedia/95b129a6-4a82-4c97-bdf0-d65080144060/4PawsForAbilityfdbb.jpg]
[www.tql.com/getmedia/fdf95254-aca8-47c6-b684-11281adee585/HabitatForHumanityfdbb.jpg]
[www.tql.com/getmedia/c02c556d-55d3-4b16-97ea-b557d0cde862/DreamsWithWingsd688.jpg]
[www.tql.com/getmedia/f24c9472-ac92-4fff-ad24-aff346ffd37e/VegasRMHfdbb.jpg]
[www.tql.com/getmedia/937b95c4-c881-4d8e-8a34-8e6ef6ee1ab1/GiftMatch7938.png]
[www.tql.com/getmedia/ee80fa2b-7eec-464c-8801-49c6d101d0d6/Dollars7938.png]
[www.tql.com/getmedia/299e8871-044d-4619-aea3-47d8a901cd05/TeamGrant7938.png]
[www.tql.com/getmedia/c29f716a-c367-4829-bc11-8a153b168db8/TeamFund7938.png]
[www.tql.com/getmedia/df3e189a-8169-46c8-8b0f-c6d0b0d01144/TQL-LogisticsOfCorporateGiving.pdf]
[www.tql.com/getmedia/b8700e4c-c0f8-4e85-94c0-258d3f52f089/Sustainability-BG9090.jpg]
[www.tql.com/getmedia/d8f2af06-cdd3-4b5d-bd55-e37adad198a7/SmartWayLogo.png]
[www.tql.com/getmedia/59c91e50-5a1f-4c8f-bd24-57b075b4f4f3/TerraPassLogod41d.png]
[www.tql.com/getmedia/53bb3bcf-2a06-405e-b30d-63e16bf82c5a/ResponsibleCareLogo.png]
[www.tql.com/cares.html]
[www.tql.com/getmedia/78a0625a-eb97-41fb-8af8-76d09bc36e29/InTheNewsHero_fulla281.JPG]
[www.tql.com/getmedia/51e13a69-2102-402c-88aa-907dd1bf484b/InTheNewsHero_cropped5934.jpg]
[www.tql.com/BusinessCourier2020.pdf]
[www.tql.com/miscellaneous-pdfs/AssocTalDev.pdf]
[www.tql.com/BPTW-IT-Large-Company-2020.pdf]
[platform.twitter.com/widgets.js]
[www.tql.com/tql-in-the-news.html]
[www.tql.com/about-us/press-releases/total-quality-logistics-earns-top-transportation-s.html]
[www.tql.com/acc-responsible-care.html]
[www.tql.com/about-us/press-releases/total-quality-logistics-providing-no-cost-transpor.html]
[www.tql.com/about-us/press-releases/total-quality-logistics-named-one-of-fortune-magaz.html]
[www.tql.com/about-us/press-releases/send-season’s-greetings-to-sick-children-at-cincin.html]
[www.tql.com/about-us/press-releases/total-quality-logistics-named-a-2019-great-supply.html]
[www.tql.com/press-releases.html]
[www.tql.com/about-us/press-releases/total-quality-logistics-to-create-nearly-600-new-j.html]
[www.tql.com/getmedia/7059eb97-7f5c-4c25-8ad4-553f4975b9df/LIfeAtTQLBlog_mobileHero7a37.jpg]
[www.tql.com/getmedia/18273165-5241-47dd-923e-90a28782aefa/LIfeAtTQLBlog_Hero1abb.jpg]
[www.tql.com/about-us/lifeattql-blog/august-2020/tql’s-15th-annual-giving-campaign.html]
[www.tql.com/getmedia/f1295c66-271a-4969-ad5c-7bffc19b70a7/5a19f.jpg]
[www.tql.com/about-us/lifeattql-blog/august-2020/tql-has-it-in-the-bag.html]
[www.tql.com/getmedia/02b9e172-49f3-4747-bafe-4a1197b1e10e/AndrewMichael_200x200a19f.jpg]
[www.tql.com/about-us/lifeattql-blog/august-2020/math-is-hard…giving-back-is-easy.html]
[www.tql.com/getmedia/a4d6535a-f2c3-4c1f-b694-33b29099098a/Teaser-Imagea19f.jpg]
[www.tql.com/about-us/lifeattql-blog/june-2020/tql-named-one-of-100-best-places-to-work-in-it.html]
[www.tql.com/getmedia/d35aa8c3-3a82-44ed-85c1-a31bd4f01b70/CW_100_Best_Places_to_Work_in_IT_2020_from_IDG_Insider_Pro_Computerworldc27e.png]
[www.tql.com/about-us/lifeattql-blog/june-2020/a-father’s-day-to-remember.html]
[www.tql.com/getmedia/53759760-0b2b-4624-bc55-a226fa6967b1/1-0a19f.JPG]
[www.tql.com/about-us/lifeattql-blog/june-2020/tql’s-12th-annual-military-appreciation-month.html]
[www.tql.com/getmedia/19644422-8a65-4900-8966-e97c195289ab/Check-Presentationc27e.png]
[www.tql.com/about-us/lifeattql-blog/may-2020/increased-needs-this-military-month.html]
[www.tql.com/getmedia/0ca8f9a0-003b-49f7-8ed1-9c62c642dda6/1-MM-Email0fd2.jpg]
[www.tql.com/getmedia/2914f83c-519a-47e6-81ca-cdd7d441afd1/Inc-Best-Workplaces-2020-Standard-Logoc27e.png]
[www.tql.com/lifeattql-blog.html]
[www.tql.com/getmedia/13d9722d-01a5-4f41-843e-e373683ccab3/TQLDriveHero_full9b55.jpg]
[www.tql.com/cargo-thieves-july-4th-holiday.html]
[www.tql.com/getmedia/ac9a3bea-36c1-4182-b007-946a85aa33e0/July-4th-200-x-200-thumbnailc27e.png]
[www.tql.com/tql-carrier-dashboard-app-rated.html]
[www.tql.com/getmedia/65154618-acca-464c-9f2e-10e632b99470/Drive_CarrierDashboard_Bloga19f.jpg]
[www.tql.com/about-us/tqldrive-blog/june-2020-(1)/economy-re-opens-but-food-supply-chain-tight-(1).html]
[www.tql.com/getmedia/fdd75120-f11e-4671-90fc-d29736149097/EconomyReOpens_Thumbnaila19f.jpg]
[www.tql.com/about-us/tqldrive-blog/may-2020/increased-needs-this-military-month.html]
[www.tql.com/getmedia/2154883a-3ed2-497c-8cbd-62d72e5a9479/0520_MilitaryMonth_Blog_Thumbnaila19f.jpg]
[www.tql.com/about-us/tqldrive-blog/may-2020/american-chemistry-council-recognizes-tql-as-respo.html]
[www.tql.com/getattachment/8b3c4304-b012-4e12-9828-f29f4990796d/Responsible-Care-Black-Vertical-Logo4485.jpg]
[www.tql.com/drive-blog.html]
[www.tql.com/getmedia/d9c6e90e-b5d0-4838-b95f-3100cdf0d834/ico-customer489b.png]
[www.tql.com/getmedia/1095544e-db56-48e8-a4d0-14ea5a9f4001/ico-carrier259a.png]
[www.tql.com/getmedia/c015643f-66d9-4be4-93a3-b12c340b1a8b/ico-media-contactb4fb.png]
[www.tql.com/getmedia/4e37897d-d902-42e7-ad42-5a38f43c5036/ico-general-needs3eae.png]
[www.tql.com/contact.html]
[www.tql.com/getmedia/1c894419-d46a-47c2-8a00-2dcf9de121a5/205_FBCoverWEBfd8d.jpg]
[connect.facebook.net/en_US/sdk.js]
[www.tql.com/about-us/lifeattql-blog/february-2020/tql-named-2020-fortune-100-best-companies-to-work.html]
[www.tql.com/getmedia/a9ab1aea-da9b-45d4-bb68-f83314380712/INC-2020-logo_1.jpg]
[www.tql.com/about-us/lifeattql-blog/may-2020/tql-named-to-inc-magazine’s-best-workplaces-list.html]
[www.tql.com/hq-expansion.html]
[www.tql.com/privacy.html]
[www.tql.com/terms.html]
[www.tql.com/eeo.html]
[www.tql.com/responsiblecarepolicy.html]
[platform.linkedin.com/in.js]
[www.tql.com/logistics-services/modes.html]
[www.tql.com/logistics-services/industries.html]
[www.tql.com/logistics-services/technology.html]
[www.tql.com/payonline.html]
[www.tql.com/logistics-services/request-a-quote.html]
[www.tql.com/logistics-services/landing-pages.html]
[www.tql.com/produce-freight.html]
[www.tql.com/tqltrax-webinars.html]
[www.tql.com/cscmp.html]
[www.tql.com/pma.html]
[www.tql.com/plma.html]
[www.tql.com/foodshippers.html]
[www.tql.com/npe.html]
[www.tql.com/state-closures.html]
[www.tql.com/carriers/landing-pages.html]
[www.tql.com/miscellaneous-pdfs.html]
[www.tql.com/sitemap.html]
[www.tql.com/surveys.html]
[www.tql.com/CMSPages/jquery-ui-1.8.16.custom5bc5.css]
[www.tql.com/CMSPages/jquery-coref17e.js]
[www.tql.com/CMSPages/jquery-cmscompatibility1d39.js]
[www.tql.com/CMSPages/jquery-ui-datetimepicker2da7.js]
[www.tql.com/CMSPages/modalCalendar5027.js]
[www.tql.com/ftl-quote.html]
[www.tql.com/intermodal-quote.html]
[www.tql.com/WebResourcec652.html]
[p.typekit.net/p4c1c.css]
[www.tql.com/POST.html]
[www.tql.com/Firefox/index.html]
[www.tql.com/AppleWebKit/index.html]
[www.tql.com/Opera/index.html]
[www.tql.com/MicrosoftAjaxWebForms.html]
[www.tql.com/MicrosoftAjaxSerialization.html]
[www.tql.com/MicrosoftAjaxNetwork.html]
[www.tql.com/getmedia/75191848-67ee-485e-8920-3dbc09321170/Drive_0519_UniqueModelServiceInfographic.png]
[www.tql.com/tqldrive-blog/logistics-service-model.html]
[www.tql.com/'/getmedia/1036bd3f-e5e9-471b-baf9-3902982c2e67/IndustriesBG_1.jpgbbfd.html]
[www.tql.com/about-us/press-releases/total-quality-logistics-named-to-inbound-logistics.html]
[www.tql.com/about-us/press-releases/american-chemistry-council-recognizes-tql-as-respo.html]
[www.tql.com/about-us/press-releases/tql-wins-best-in-cargo-security-award-from-cargone.html]
[www.tql.com/getmedia/06ad04e8-2d0a-4444-9034-e4847c626dd4/LaborDay_FullStoryImage.jpg]
[www.tql.com/about-us/tqldrive-blog/september-2020/cargo-thieves-add-covid-supplies-to-labor-day-targ.html]
[www.tql.com/getmedia/528dbc9b-1200-4ed1-8440-267bedde90e4/CargoNet-security-badge-TQLd41d.png]
[www.tql.com/about-us/tqldrive-blog/july-2020/tql-recognized-for-cargo-security-best-practices.html]
[www.tql.com/getmedia/db274e4b-0230-4662-af43-857a50a0a260/624_OperationSafeDriver_SocialPost.jpg]
[www.tql.com/operation-safe-driver-week-july-12-18-2020.html]
[www.tql.com/'/getmedia/618b48c0-2dc0-4cc0-9263-32fffb06b765/img27.jpgd9bb.html]
[www.tql.com/'/getmedia/82b0b488-2c11-4220-94eb-953953600541/img28.jpgd9bb.html]
[www.tql.com/ScriptResourced46d.js]
[www.tql.com/getmedia/6c0a4e1f-b6e3-4ef0-a514-2701863fb413/TRAXFeatures_mobile7a37.jpg]
[www.tql.com/getmedia/5bd17591-dffa-4419-8008-3c17c7d8e55a/TRAXFeatures_hero1abb.jpg]
[www.tql.com/trax-features.html]
[www.tql.com/carrier-notice-covid-19.html]
[www.tql.com/getattachment/About-Us/lifeattql-blog/June-2019/TQL-Named-to-Best-Places-to-Work-in-IT-List/LIFE_0619_BPTWIT-(4).jpg]
[www.tql.com/about-us/lifeattql-blog/june-2019/bptw-it.html]
[www.tql.com/getmedia/44eeef86-6b67-4ed0-8fb8-a4bd6c4a7a4d/Denny-Marder33af.jpg]
[www.tql.com/CMSPages/googleMapsOfficeHelperdbe9.js]
[www.tql.com/contact/locations/alabama/birmingham.html]
[www.tql.com/contact/locations/alabama/mobile.html]
[www.tql.com/getmedia/3bbcd8b0-c46a-456d-a02c-c09e16456c40/Brooke-Howard0c41.jpg]
[www.tql.com/contact/locations/arizona/phoenix.html]
[www.tql.com/contact/locations/arkansas/fayetteville.html]
[www.tql.com/contact/locations/colorado/denver.html]
[www.tql.com/contact/locations/florida/daytona-beach.html]
[www.tql.com/getmedia/2624d374-28f6-4472-85d8-4da727e5a70e/Kendra-Lankford7e53.jpg]
[www.tql.com/contact/locations/florida/ft-lauderdale.html]
[www.tql.com/contact/locations/florida/jacksonville.html]
[www.tql.com/getmedia/3bbcd8b0-c46a-456d-a02c-c09e16456c40/Brooke-Howard3b14.jpg]
[www.tql.com/getmedia/bb913801-1ede-4c47-b7b7-3c469920bcbe/Orb_weba788.png]
[www.tql.com/getmedia/9eaef000-c4bf-4e2f-886e-9c1adcd29f17/AwardLogo-1.png]
[www.tql.com/getmedia/f277b739-a09a-4a1c-9d2d-fab0838e6aa2/BPTW-IT201943a2.jpg]
[www.tql.com/contact/locations/florida/orlando.html]
[www.tql.com/contact/locations/florida/tampa.html]
[www.tql.com/contact/locations/georgia/atlanta.html]
[www.tql.com/contact/locations/georgia/savannah.html]
[www.tql.com/getmedia/1d2fdb90-a61d-4d3a-ae60-346b7a7d6231/Kate-Collins11d5.jpg]
[www.tql.com/contact/locations/illinois/chicago.html]
[www.tql.com/contact/locations/illinois/westchester.html]
[www.tql.com/getmedia/2624d374-28f6-4472-85d8-4da727e5a70e/Kendra-Lankford8411.jpg]
[www.tql.com/contact/locations/indiana/evansville.html]
[www.tql.com/contact/locations/indiana/fort-wayne.html]
[www.tql.com/contact/locations/indiana/indianapolis.html]
[www.tql.com/contact/locations/indiana/south-bend.html]
[www.tql.com/getmedia/4956e5bd-6f42-44f1-9038-710e270071c6/Kim-Schultz33af.jpg]
[www.tql.com/contact/locations/kentucky/erlanger.html]
[www.tql.com/contact/locations/kentucky/louisville.html]
[www.tql.com/contact/locations/kentucky/lexington.html]
[www.tql.com/contact/locations/louisiana/new-orleans.html]
[www.tql.com/getmedia/87339dc3-fd9c-4ea9-91d5-973f927a7796/Paul-Banks4131.jpg]
[www.tql.com/contact/locations/massachusetts/boston.html]
[www.tql.com/contact/locations/michigan/detroit.html]
[www.tql.com/contact/locations/michigan/grand-rapids.html]
[www.tql.com/contact/locations/minnesota/minneapolis.html]
[www.tql.com/contact/locations/missouri/kansas-city.html]
[www.tql.com/contact/locations/missouri/st-louis.html]
[www.tql.com/contact/locations/nevada/las-vegas.html]
[www.tql.com/getmedia/87339dc3-fd9c-4ea9-91d5-973f927a7796/Paul-Banksae63.jpg]
[www.tql.com/contact/locations/north-carolina/charlotte.html]
[www.tql.com/contact/locations/north-carolina/greensboro.html]
[www.tql.com/contact/locations/north-carolina/raleigh.html]
[www.tql.com/contact/locations/ohio/akron,-oh.html]
[www.tql.com/getmedia/d4aa2525-6f9b-468d-873f-f0eaeef35a38/Kristin-Moore54de.jpg]
[www.tql.com/getmedia/6b79d6d0-9b24-4196-8b00-b813b2503a59/Dan-Sharrett4581.jpg]
[www.tql.com/contact/locations/ohio/batavia.html]
[www.tql.com/contact/locations/ohio/cincinnati.html]
[www.tql.com/contact/locations/ohio/cleveland.html]
[www.tql.com/contact/locations/ohio/columbus.html]
[www.tql.com/contact/locations/ohio/dayton,-oh.html]
[www.tql.com/getmedia/2858ff77-393a-47da-be2a-d208860fd2c3/Chelsea-Schack4581.jpg]
[www.tql.com/getmedia/72fbec34-741a-4400-8384-df9c5aeb234f/Sari-Zyndorf10e9.jpg]
[www.tql.com/contact/locations/ohio/milford.html]
[www.tql.com/contact/locations/ohio/toledo.html]
[www.tql.com/getmedia/6b79d6d0-9b24-4196-8b00-b813b2503a59/Dan-Sharrett09a9.jpg]
[www.tql.com/contact/locations/ohio/west-chester.html]
[www.tql.com/contact/locations/oregon/portland,-or.html]
[www.tql.com/contact/locations/pennsylvania/pittsburgh,-pa.html]
[www.tql.com/contact/locations/south-carolina/charleston,-sc.html]
[www.tql.com/contact/locations/south-carolina/columbia,-sc.html]
[www.tql.com/contact/locations/south-carolina/greenville,-sc.html]
[www.tql.com/contact/locations/tennessee/knoxville,-tn.html]
[www.tql.com/contact/locations/tennessee/memphis,-tn.html]
[www.tql.com/contact/locations/tennessee/nashville,-tn.html]
[www.tql.com/contact/locations/texas/austin,-tx.html]
[www.tql.com/contact/locations/texas/dallas,-tx.html]
[www.tql.com/contact/locations/texas/houston,-tx.html]
[www.tql.com/contact/locations/texas/san-antonio,-tx.html]
[www.tql.com/contact/locations/utah/salt-lake-city,-ut.html]
[www.tql.com/contact/locations/virginia/richmond,-va.html]
[www.tql.com/contact/locations/west-virginia/charleston-wv.html]
[www.tql.com/contact/locations/wisconsin/milwaukee,-wi.html]
[www.tql.com/CMSPages/googleMapsLocationHelperf9d5.js]
[www.tql.com/getmedia/ac9a9c3e-098c-4d6f-8fe4-dc6c1c8f8fff/MobileMTMHeroBannerImage7a37.jpg]
[www.tql.com/getmedia/c75a0cb5-26dc-417e-8c78-3c3aab7960fa/MTMHeroBannerImage1abb.jpg]
[www.tql.com/getmedia/7cab5abe-521e-4c00-bee9-59bcb698ea62/MTMLogo46ed.png]
[www.tql.com/getmedia/0471e5e5-1eba-4033-853e-169e64b8f5cb/WhereAngelsPlay150b.png]
[www.tql.com/getmedia/bfa1149a-b5e9-4111-9215-70d7ee69dd36/homes76eb.png]
[www.tql.com/getmedia/766f66ce-bcc4-4caf-abb2-7f606271eee3/CorbinHillFoodcd22.png]
[www.tql.com/getmedia/ae01842a-dc59-4f96-a475-90ab8f6939ce/RedCross3d94.png]
[www.tql.com/getmedia/04b00603-6195-446d-a5ac-91570041df50/FeedingChildrenEverywhere8176.png]
[www.tql.com/getmedia/213220ca-a957-4b71-aea3-245b101a9f21/HumaneBroward6191.png]
[www.tql.com/movesthatmatter.html]
[www.tql.com/getmedia/0731f0d3-6f56-4ea7-bcb0-b820213ecc3f/CAMHero_Mobile7a37.jpg]
[www.tql.com/getmedia/40b66adc-adc7-4ac0-a826-a0d1b1118dc2/CAMHero_Desktop1abb.jpg]
[www.tql.com/getmedia/0f25fa35-1948-4c82-89f7-002b6aa2fb15/AmericanCancer538d.png]
[www.tql.com/about-us/lifeattql-blog/november-2019/cancer-awareness-month.html]
[www.tql.com/getmedia/e0b21dd5-8fa1-477f-8db9-f4b1d3aee1e1/LinePattern_BG_1200.png]
[www.tql.com/getmedia/14c4d625-2376-4369-b799-235e0fa2728f/CheckPres2019-27cc5.jpg]
[www.tql.com/getmedia/d2537107-bcf9-4a56-87c0-be8900f8c9ca/TrophyPhoto7cc5.jpg]
[www.tql.com/getmedia/92553221-ac39-481a-8783-4e34dcd3ff74/CAMPhotoGallery_17cc5.jpg]
[www.tql.com/about-us/lifeattql-blog/september/october-is-cancer-awareness-month.html]
[www.tql.com/getmedia/2edcc993-f8ea-4e03-a94e-073908703638/Pulling7cc5.jpg]
[www.tql.com/cancerawarenessmonth.html]
[www.tql.com/'/getmedia/ce4811c1-7163-404d-9fd8-cc1464d58464/Btn_TQLCaresPg.jpg9fe7.html]
[www.tql.com/getmedia/e555b97f-be11-4cec-9742-740d447048ba/MM_MobileHeroTemp_20207a37.jpg]
[www.tql.com/getmedia/11077b33-f9fe-4961-8bbd-6f3b7c3a447f/MM_Hero_20201abb.jpg]
[www.tql.com/getmedia/c1d1deb7-d51e-4766-aff6-9db04dad4461/DAV_MM_Logoc13c.png]
[www.tql.com/getmedia/50e2c5f5-1650-4b5f-80fb-a597401b4030/USO_MM_Logoc13c.png]
[www.tql.com/getmedia/cb1eff32-e93d-4359-936e-8678023d0ec9/DAV_MM2020_Check7cc5.jpg]
[www.tql.com/getmedia/5647c3ac-658f-4b65-9c9b-8e34784e8fec/USO_CardPickup_MM20207cc5.jpg]
[www.tql.com/getmedia/5b4a2346-2581-41c3-9a67-c94c9d161f69/Gary_MM2020_CheckPres7cc5.jpg]
[www.tql.com/getmedia/75c9c322-b32a-48be-a44a-e94df1cc055c/MM2020_ThankaSoldierCards7cc5.jpg]
[www.tql.com/military-month.html]
[www.tql.com/'/getmedia/e9ac853e-1a71-4677-ae70-cf7aaa977f77/HaulsForHeroes-SideBar2.pngfacb.html]
[www.tql.com/about-us/press-releases/total-quality-logistics-earns-top-transportation-s.html]
[www.tql.com/acc-responsible-care.html]
[www.tql.com/about-us/press-releases/total-quality-logistics-providing-no-cost-transpor.html]
[www.tql.com/getmedia/b7c3018b-9993-46b0-a9c1-2f9ef444e8c4/Fortune100Best-2020-21ee2.png]
[www.tql.com/TQL/media/tql/TQLLogo-TransparentLG.png]
[www.tql.com/about-us/press-releases/total-quality-logistics-named-one-of-fortune-magaz.html]
[www.tql.com/getmedia/2f1e2d05-d59e-4031-adf5-bfd32c65320c/PR_ChildrensCard_Dec2019.jpg]
[www.tql.com/about-us/press-releases/send-season’s-greetings-to-sick-children-at-cincin.html]
[www.tql.com/about-us/press-releases/total-quality-logistics-named-a-2019-great-supply.html]
[www.tql.com/getattachment/5943ad60-58cf-4670-a0a8-65ffcd3def7c/IVPII_Concept_HwyView.png]
[www.tql.com/about-us/press-releases/total-quality-logistics-to-create-nearly-600-new-j.html]
[www.tql.com/about-us/lifeattql-blog/august-2020/tql’s-15th-annual-giving-campaign.html]
[www.tql.com/about-us/lifeattql-blog/august-2020/tql-has-it-in-the-bag.html]
[www.tql.com/about-us/lifeattql-blog/august-2020/math-is-hard…giving-back-is-easy.html]
[www.tql.com/getmedia/b6ea87bd-00ed-4077-8172-cd50a1358848/BPTW-in-IT.png]
[www.tql.com/about-us/lifeattql-blog/june-2020/tql-named-one-of-100-best-places-to-work-in-it.html]
[www.tql.com/about-us/lifeattql-blog/june-2020/a-father’s-day-to-remember.html]
[www.tql.com/about-us/lifeattql-blog/june-2020/tql’s-12th-annual-military-appreciation-month.html]
[www.tql.com/TQL/media/tql/Email/1-MM-Email.jpg]
[www.tql.com/TQL/media/tql/Email/2-MM-Email.jpg]
[www.tql.com/TQL/media/tql/Email/4-MM-Email.jpg]
[www.tql.com/about-us/lifeattql-blog/may-2020/increased-needs-this-military-month.html]
[www.tql.com/getmedia/d27b6a4d-bce4-4299-adb4-6283d781418f/shutterstock_1.jpg]
[www.tql.com/cargo-thieves-july-4th-holiday.html]
[www.tql.com/getmedia/144d2aba-2728-4cdf-a101-5dbe4d6d2400/Drive062020CD.PNG]
[www.tql.com/tql-carrier-dashboard-app-rated.html]
[www.tql.com/getmedia/55c831f6-04be-4ec8-99a4-d5646036d6dd/EconomyReOpens_Storyf71e.jpg]
[www.tql.com/about-us/tqldrive-blog/june-2020-(1)/economy-re-opens-but-food-supply-chain-tight-(1).html]
[www.tql.com/about-us/tqldrive-blog/may-2020/increased-needs-this-military-month.html]
[www.tql.com/about-us/tqldrive-blog/may-2020/american-chemistry-council-recognizes-tql-as-respo.html]
[www.tql.com/index0305.html]
[connect.facebook.net/en_US/sdk.js]
[www.tql.com/logistics-services/modes.html]
[www.tql.com/logistics-services/industries.html]
[www.tql.com/logistics-services/technology.html]
[www.tql.com/index8f84.html]
[www.tql.com/getmedia/71aa54ed-475e-4eb9-a165-3592b93561dc/PayOnlineHero_mobile7a37.jpg]
[www.tql.com/getmedia/494e00c2-ebae-4e22-9fb9-c2d86e230db8/PayOnlineHero1abb.jpg]
[www.tql.com/payonline.html]
[www.tql.com/logistics-services/request-a-quote.html]
[www.tql.com/logistics-services/landing-pages.html]
[www.tql.com/getmedia/a33a0457-0efc-459a-a762-33bc37856141/ProduceQuote_mobileHero7a37.jpg]
[www.tql.com/getmedia/caf821c8-d381-4f14-a752-379d30192b34/ProduceQuote_Hero1abb.jpg]
[www.tql.com/getmedia/41240404-45a3-4c29-b3bb-91e17774c52d/ProduceLoads-2018Totalf4c0.png]
[www.tql.com/getmedia/034a0042-5eca-48a2-aa62-cd115a3c629a/ShelfLifeIcon768a.png]
[www.tql.com/getmedia/e6ba09d5-f39e-4436-9146-4d89d28a0caa/TempIcon768a.png]
[www.tql.com/getmedia/02a948dd-5527-4e8e-9c8b-f5d123ece495/TransitIcon768a.png]
[www.tql.com/getmedia/f152dd82-036f-4251-8917-815be74a48da/PeakIcon768a.png]
[www.tql.com/getmedia/ce48b51a-b044-4902-8274-d524c403e16a/QualityIcon768a.png]
[www.tql.com/produce-freight.html]
[www.tql.com/tqltrax-webinars.html]
[www.tql.com/getmedia/a7587736-7bbb-4c5e-87cc-8c2bef0d30d9/CSCMP-HeroImage1abb.jpg]
[www.tql.com/getmedia/7820a509-eed2-480c-80ce-8171241d5059/11ea2.png]
[www.tql.com/getmedia/f9d860a7-3416-40d9-a8df-bb502eae35b9/21ea2.png]
[www.tql.com/getmedia/c3fd626e-1959-458d-bef9-7877639f63c3/31ea2.png]
[www.tql.com/getmedia/b7b6efac-fea8-4a40-b8d0-7ea53b1a1914/FortuneAwardc940.jpg]
[www.tql.com/getmedia/bc9b18b2-863a-4a7f-8949-5978df62684c/SCBAwardc940.jpg]
[www.tql.com/getmedia/c07c007f-0762-4c08-93b1-2fcdd820b134/Inc-BWP_2019c940.png]
[www.tql.com/getmedia/750b1239-4426-40e5-a4ac-8224afbce7d8/FoodLogisticsAwardc940.jpg]
[www.tql.com/getmedia/8fdd80eb-5305-4e73-9ee6-9eff43176aea/TransportTopicsAwardc940.jpg]
[www.tql.com/getmedia/859ceab3-f76f-4789-a0bd-addfca9a88a1/Inbound_Logistics_3PLc940.png]
[www.tql.com/cscmp.html]
[www.tql.com/getmedia/b9bb542e-6be5-4a28-865e-a3364c5e35a9/ProduceQuote_Mobile7a37.jpg]
[www.tql.com/getmedia/2b9cc8b5-56c8-4d18-97ba-6255443d5e1a/ProduceQuote_Full1abb.jpg]
[www.tql.com/TQL/files/27/274b9f97-656d-419e-8d2f-d8f37ced94a0.pdf]
[www.tql.com/getmedia/be6eeb8e-9199-43b8-8f46-46324be2c771/PMA-17cc5.jpg]
[www.tql.com/getmedia/9454fbec-491c-456f-9c16-7d7742d7603c/PMA-27cc5.jpg]
[www.tql.com/getmedia/1efd5779-81db-4a5e-90ce-e5f009340931/PMA-37cc5.jpg]
[www.tql.com/getmedia/0affd9b4-eff4-46cb-87bf-3341354e3b08/PMA-47cc5.jpg]
[stage.tql.com/TQL/media/tql/Logistics/Redbook.jpg]
[stage.tql.com/TQL/media/tql/Logistics/Bluebook.jpg]
[www.tql.com/getmedia/bc9b18b2-863a-4a7f-8949-5978df62684c/SCBAward.jpg]
[www.tql.com/getmedia/859ceab3-f76f-4789-a0bd-addfca9a88a1/Inbound_Logistics_3PL.png]
[www.tql.com/getmedia/b7b6efac-fea8-4a40-b8d0-7ea53b1a1914/FortuneAward.jpg]
[www.tql.com/getmedia/8fdd80eb-5305-4e73-9ee6-9eff43176aea/TransportTopicsAward.jpg]
[www.tql.com/getmedia/c07c007f-0762-4c08-93b1-2fcdd820b134/Inc-BWP_2019.png]
[www.tql.com/pma.html]
[www.tql.com/getattachment/Logistics-Services/Landing-Pages/PLMA/Interior-Hero/MobilePLMA6727.jpg]
[www.tql.com/getattachment/Logistics-Services/Landing-Pages/PLMA/Interior-Hero/PLMAheader26a7.jpg]
[www.tql.com/getmedia/2907bb1f-64a9-4a56-b422-6a3920f0f7d2/TQLandPMA7cc5.jpg]
[www.tql.com/getmedia/6789ef11-5a01-4404-b563-928c59eac070/RespCaresAward7cc5.jpg]
[www.tql.com/getmedia/a9bac22a-e51a-44bc-ad07-b7399f585a02/TQLontheRoad7cc5.jpg]
[www.tql.com/getmedia/88b87cbd-8a2e-4983-bd78-087e5e7e7f50/TQLandNFL7cc5.jpg]
[www.tql.com/plma.html]
[www.tql.com/getmedia/2d293abf-11e5-45da-a2c8-ab61acb66410/FoodShippers24c3e.jpg]
[www.tql.com/getmedia/1f0fcf6e-5741-4f13-b077-02e4b5208561/Photo-3d688.jpg]
[www.tql.com/getmedia/e7c1e21b-eb2d-412a-b3d8-282963f5e95d/Photo-4d688.jpg]
[www.tql.com/foodshippers.html]
[www.tql.com/sales-collateral/Retailer-1-pager.pdf]
[www.tql.com/getmedia/f95d2916-8026-4c5b-95a1-e9184a681d7a/Fortune_2020.png]
[www.tql.com/getmedia/d04a2e55-0172-4834-9fb5-609dbe64ab83/PMA34c3e.jpg]
[www.tql.com/npe.html]
[www.tql.com/getmedia/30bf9c6b-68fa-43c7-ae55-9fe360defed4/US-Shutdowns-v35.png]
[www.tql.com/getmedia/e45d06e9-9f9b-46bc-a8cf-b5c1ac1c3802/Canada-Closings-v6.png]
[www.tql.com/state-closures.html]
[www.tql.com/carriers/landing-pages.html]
[www.tql.com/miscellaneous-pdfs.html]
[www.tql.com/surveys.html]
[www.tql.com/CMSAdminControls/ModalCalendar/Themes/LiveSite/images/ui-bg_inset-soft_50_c9c9c9_1x100.png]
[www.tql.com/CMSAdminControls/ModalCalendar/Themes/LiveSite/images/ui-bg_glass_35_dddddd_1x400.png]
[www.tql.com/CMSAdminControls/ModalCalendar/Themes/LiveSite/images/ui-bg_glass_60_eeeeee_1x400.png]
[www.tql.com/CMSAdminControls/ModalCalendar/Themes/LiveSite/images/ui-bg_glass_100_f8f8f8_1x400.png]
[www.tql.com/CMSAdminControls/ModalCalendar/Themes/LiveSite/images/ui-bg_inset-hard_75_999999_1x100.png]
[www.tql.com/CMSAdminControls/ModalCalendar/Themes/LiveSite/images/ui-bg_flat_55_eeeeee_40x100.png]
[www.tql.com/CMSAdminControls/ModalCalendar/Themes/LiveSite/images/ui-bg_flat_55_c0402a_40x100.png]
[www.tql.com/CMSAdminControls/ModalCalendar/Themes/LiveSite/images/ui-icons_999999_256x240.png]
[www.tql.com/CMSAdminControls/ModalCalendar/Themes/LiveSite/images/ui-icons_70b2e1_256x240.png]
[www.tql.com/CMSAdminControls/ModalCalendar/Themes/LiveSite/images/ui-icons_3383bb_256x240.png]
[www.tql.com/CMSAdminControls/ModalCalendar/Themes/LiveSite/images/ui-icons_454545_256x240.png]
[www.tql.com/CMSAdminControls/ModalCalendar/Themes/LiveSite/images/ui-icons_fbc856_256x240.png]
[www.tql.com/CMSAdminControls/ModalCalendar/Themes/LiveSite/images/ui-bg_flat_0_eeeeee_40x100.png]
[www.tql.com/CMSAdminControls/ModalCalendar/Themes/LiveSite/images/ui-bg_flat_0_aaaaaa_40x100.png]
[www.tql.com/CMSPages/jquery-ui-1.8.16.custom5bc5.css]
[www.tql.com/CMSPages/jquery-coref17e.js]
[www.tql.com/CMSPages/jquery-cmscompatibility1d39.js]
[www.tql.com/CMSPages/jquery-ui-datetimepicker2da7.js]
[www.tql.com/CMSPages/modalCalendar5027.js]
[www.tql.com/CMSPages/googleMapsOfficeHelperdbe9.js]
[www.tql.com/about-us/lifeattql-blog/november-2019/cancer-awareness-month.html]
[www.tql.com/about-us/lifeattql-blog/september/october-is-cancer-awareness-month.html]
[www.tql.com/index8f84.html]
[www.tql.com_443/getattachment/About-Us/lifeattql-blog/August-2020/TQL’s-15th-Annual-Giving-Campaign/BlogImage_1.jpg]
[www.tql.com_443/getattachment/About-Us/lifeattql-blog/August-2020/TQL’s-15th-Annual-Giving-Campaign/BlogImage_2.jpg]
[www.tql.com_443/getattachment/About-Us/lifeattql-blog/August-2020/TQL’s-15th-Annual-Giving-Campaign/BlogImage_3.jpg]
[www.tql.com_443/getattachment/About-Us/lifeattql-blog/August-2020/TQL-Has-It-in-the-Bag/AndrewMichael-750x500.jpg]
[www.tql.com_443/getattachment/About-Us/lifeattql-blog/August-2020/Math-is-hard…giving-back-is-easy/DSC_0488.jpg]
[www.tql.com_443/getattachment/About-Us/lifeattql-blog/August-2020/Math-is-hard…giving-back-is-easy/DSC_0559.jpg]
[www.tql.com_443/getattachment/About-Us/lifeattql-blog/August-2020/Math-is-hard…giving-back-is-easy/DSC_0619.jpg]
[www.tql.com_443/getattachment/About-Us/lifeattql-blog/August-2020/Math-is-hard…giving-back-is-easy/DSC_0663.jpg]
[www.tql.com_443/getattachment/About-Us/lifeattql-blog/August-2020/Math-is-hard…giving-back-is-easy/DSC_0713.jpg]
[www.tql.com_443/getattachment/About-Us/lifeattql-blog/June-2020/A-Father’s-Day-to-Remember/1.JPG]
[www.tql.com_443/getattachment/About-Us/lifeattql-blog/June-2020/A-Father’s-Day-to-Remember/104891920_10158034825566418_1006288819390189255_n.jpg]
[www.tql.com_443/getattachment/About-Us/lifeattql-blog/June-2020/A-Father’s-Day-to-Remember/2020-06-24_15-37-41.jpg]
[www.tql.com_443/getattachment/About-Us/lifeattql-blog/June-2020/A-Father’s-Day-to-Remember/bldg.jpg]
[www.tql.com_443/getattachment/About-Us/lifeattql-blog/June-2020/A-Father’s-Day-to-Remember/Resized_20200620_121540.jpg]
[www.tql.com_443/getattachment/About-Us/lifeattql-blog/June-2020/TQL’s-12th-ANNUAL-MILITARY-APPRECIATION-MONTH/DAV-2.jpg]
[www.tql.com_443/getattachment/About-Us/lifeattql-blog/June-2020/TQL’s-12th-ANNUAL-MILITARY-APPRECIATION-MONTH/DSC_0849.JPG]
[www.tql.com_443/getattachment/About-Us/lifeattql-blog/June-2020/TQL’s-12th-ANNUAL-MILITARY-APPRECIATION-MONTH/DSC_0901-(1).JPG]
[www.tql.com_443/getattachment/About-Us/lifeattql-blog/June-2020/TQL’s-12th-ANNUAL-MILITARY-APPRECIATION-MONTH/Gary-Check-no-mask-(4).jpg]
[www.tql.com_443/getattachment/About-Us/lifeattql-blog/November-2019/Cancer-Awareness-Month/BlogPost-2_PullForACure.jpg]
[www.tql.com_443/getattachment/About-Us/lifeattql-blog/November-2019/Cancer-Awareness-Month/BlogPost-3_PullForACure.jpg]
[www.tql.com_443/getattachment/About-Us/lifeattql-blog/November-2019/Cancer-Awareness-Month/P4C-139.jpg]
[www.tql.com_443/getattachment/About-Us/lifeattql-blog/November-2019/Cancer-Awareness-Month/P4C-169.jpg]
